
> tmp_app@0.1.0 dev
> next dev

▲ Next.js 16.3.3 (Turbopack)
- Local:         http://localhost:3000
- Network:       http://192.168.0.2:3000
✓ Ready in 547ms
✓ Running next.config.ts took 50ms
Attention: Next.js now collects completely anonymous telemetry regarding usage.
This information is used to shape Next.js' roadmap and prioritize features.
You can learn more, including how to opt-out if you'd not like to participate in this anonymous program, by visiting the following URL:
https://nextjs.org/telemetry


○ Compiling / ...
 GET / 200 in 19.3s (next.js: 4.1s, proxy.ts: 344ms, application-code: 14.8s)
 GET / 200 in 14.5s (next.js: 27ms, proxy.ts: 26ms, application-code: 14.4s)
 GET / 200 in 14.5s (next.js: 21ms, proxy.ts: 18ms, application-code: 14.5s)
 GET / 200 in 14.4s (next.js: 23ms, proxy.ts: 19ms, application-code: 14.4s)
 GET / 200 in 14.3s (next.js: 8ms, proxy.ts: 9ms, application-code: 14.3s)
⨯ The directory at "/app/.next/dev" was deleted.

Deleting this directory while Next.js is running can lead to undefined behavior. Restarting the server to recover...
▲ Next.js 16.3.3 (Turbopack)
- Local:         http://localhost:3000
- Network:       http://192.168.0.2:3000
✓ Ready in 650ms
✓ Running next.config.ts took 68ms

